Archive member included to satisfy reference by file (symbol)

/usr/lib/gcc/arm-none-eabi/10.3.1/thumb/v6-m/nofp/libgcc.a(_dvmd_tls.o)
                              CMakeFiles/firmware.dir/home/alan/pico/pico-sdk/src/rp2_common/pico_divider/divider.S.obj (__aeabi_idiv0)
/usr/lib/gcc/arm-none-eabi/10.3.1/../../../arm-none-eabi/lib/thumb/v6-m/nofp/libc.a(lib_a-atexit.o)
                              /usr/lib/gcc/arm-none-eabi/10.3.1/../../../arm-none-eabi/lib/thumb/v6-m/nofp/crt0.o (atexit)
/usr/lib/gcc/arm-none-eabi/10.3.1/../../../arm-none-eabi/lib/thumb/v6-m/nofp/libc.a(lib_a-calloc.o)
                              CMakeFiles/firmware.dir/home/alan/pico/pico-sdk/src/rp2_common/pico_malloc/pico_malloc.c.obj (calloc)
/usr/lib/gcc/arm-none-eabi/10.3.1/../../../arm-none-eabi/lib/thumb/v6-m/nofp/libc.a(lib_a-callocr.o)
                              /usr/lib/gcc/arm-none-eabi/10.3.1/../../../arm-none-eabi/lib/thumb/v6-m/nofp/libc.a(lib_a-calloc.o) (_calloc_r)
/usr/lib/gcc/arm-none-eabi/10.3.1/../../../arm-none-eabi/lib/thumb/v6-m/nofp/libc.a(lib_a-fini.o)
                              /usr/lib/gcc/arm-none-eabi/10.3.1/../../../arm-none-eabi/lib/thumb/v6-m/nofp/crt0.o (__libc_fini_array)
/usr/lib/gcc/arm-none-eabi/10.3.1/../../../arm-none-eabi/lib/thumb/v6-m/nofp/libc.a(lib_a-impure.o)
                              /usr/lib/gcc/arm-none-eabi/10.3.1/../../../arm-none-eabi/lib/thumb/v6-m/nofp/libc.a(lib_a-calloc.o) (_impure_ptr)
/usr/lib/gcc/arm-none-eabi/10.3.1/../../../arm-none-eabi/lib/thumb/v6-m/nofp/libc.a(lib_a-init.o)
                              /usr/lib/gcc/arm-none-eabi/10.3.1/../../../arm-none-eabi/lib/thumb/v6-m/nofp/crt0.o (__libc_init_array)
/usr/lib/gcc/arm-none-eabi/10.3.1/../../../arm-none-eabi/lib/thumb/v6-m/nofp/libc.a(lib_a-malloc.o)
                              CMakeFiles/firmware.dir/home/alan/pico/pico-sdk/src/rp2_common/pico_malloc/pico_malloc.c.obj (malloc)
/usr/lib/gcc/arm-none-eabi/10.3.1/../../../arm-none-eabi/lib/thumb/v6-m/nofp/libc.a(lib_a-mallocr.o)
                              /usr/lib/gcc/arm-none-eabi/10.3.1/../../../arm-none-eabi/lib/thumb/v6-m/nofp/libc.a(lib_a-callocr.o) (_malloc_r)
/usr/lib/gcc/arm-none-eabi/10.3.1/../../../arm-none-eabi/lib/thumb/v6-m/nofp/libc.a(lib_a-mlock.o)
                              /usr/lib/gcc/arm-none-eabi/10.3.1/../../../arm-none-eabi/lib/thumb/v6-m/nofp/libc.a(lib_a-mallocr.o) (__malloc_lock)
/usr/lib/gcc/arm-none-eabi/10.3.1/../../../arm-none-eabi/lib/thumb/v6-m/nofp/libc.a(lib_a-realloc.o)
                              CMakeFiles/firmware.dir/home/alan/pico/pico-sdk/src/rp2_common/pico_malloc/pico_malloc.c.obj (realloc)
/usr/lib/gcc/arm-none-eabi/10.3.1/../../../arm-none-eabi/lib/thumb/v6-m/nofp/libc.a(lib_a-reallocr.o)
                              /usr/lib/gcc/arm-none-eabi/10.3.1/../../../arm-none-eabi/lib/thumb/v6-m/nofp/libc.a(lib_a-realloc.o) (_realloc_r)
/usr/lib/gcc/arm-none-eabi/10.3.1/../../../arm-none-eabi/lib/thumb/v6-m/nofp/libc.a(lib_a-sbrkr.o)
                              /usr/lib/gcc/arm-none-eabi/10.3.1/../../../arm-none-eabi/lib/thumb/v6-m/nofp/libc.a(lib_a-mallocr.o) (_sbrk_r)
/usr/lib/gcc/arm-none-eabi/10.3.1/../../../arm-none-eabi/lib/thumb/v6-m/nofp/libc.a(lib_a-strlen-stub.o)
                              CMakeFiles/firmware.dir/home/alan/pico/pico-sdk/src/rp2_common/pico_stdio/stdio.c.obj (strlen)
/usr/lib/gcc/arm-none-eabi/10.3.1/../../../arm-none-eabi/lib/thumb/v6-m/nofp/libc.a(lib_a-__atexit.o)
                              /usr/lib/gcc/arm-none-eabi/10.3.1/../../../arm-none-eabi/lib/thumb/v6-m/nofp/libc.a(lib_a-atexit.o) (__register_exitproc)
/usr/lib/gcc/arm-none-eabi/10.3.1/../../../arm-none-eabi/lib/thumb/v6-m/nofp/libc.a(lib_a-freer.o)
                              /usr/lib/gcc/arm-none-eabi/10.3.1/../../../arm-none-eabi/lib/thumb/v6-m/nofp/libc.a(lib_a-malloc.o) (_free_r)
/usr/lib/gcc/arm-none-eabi/10.3.1/../../../arm-none-eabi/lib/thumb/v6-m/nofp/libc.a(lib_a-memmove.o)
                              /usr/lib/gcc/arm-none-eabi/10.3.1/../../../arm-none-eabi/lib/thumb/v6-m/nofp/libc.a(lib_a-reallocr.o) (memmove)
/usr/lib/gcc/arm-none-eabi/10.3.1/../../../arm-none-eabi/lib/thumb/v6-m/nofp/libc.a(lib_a-reent.o)
                              /usr/lib/gcc/arm-none-eabi/10.3.1/../../../arm-none-eabi/lib/thumb/v6-m/nofp/libc.a(lib_a-sbrkr.o) (errno)

Discarded input sections

 .text          0x0000000000000000        0x0 /usr/lib/gcc/arm-none-eabi/10.3.1/thumb/v6-m/nofp/crti.o
 .data          0x0000000000000000        0x0 /usr/lib/gcc/arm-none-eabi/10.3.1/thumb/v6-m/nofp/crti.o
 .bss           0x0000000000000000        0x0 /usr/lib/gcc/arm-none-eabi/10.3.1/thumb/v6-m/nofp/crti.o
 .data          0x0000000000000000        0x4 /usr/lib/gcc/arm-none-eabi/10.3.1/thumb/v6-m/nofp/crtbegin.o
 .rodata        0x0000000000000000       0x24 /usr/lib/gcc/arm-none-eabi/10.3.1/thumb/v6-m/nofp/crtbegin.o
 .fini_array    0x0000000000000000        0x4 /usr/lib/gcc/arm-none-eabi/10.3.1/thumb/v6-m/nofp/crtbegin.o
[...]
Memory Configuration

Name             Origin             Length             Attributes
FLASH            0x0000000010000000 0x0000000000200000 xr
RAM              0x0000000020000000 0x0000000000040000 xrw
SCRATCH_X        0x0000000020040000 0x0000000000001000 xrw
SCRATCH_Y        0x0000000020041000 0x0000000000001000 xrw
*default*        0x0000000000000000 0xffffffffffffffff

Linker script and memory map

LOAD /usr/lib/gcc/arm-none-eabi/10.3.1/thumb/v6-m/nofp/crti.o
LOAD /usr/lib/gcc/arm-none-eabi/10.3.1/thumb/v6-m/nofp/crtbegin.o
LOAD /usr/lib/gcc/arm-none-eabi/10.3.1/../../../arm-none-eabi/lib/thumb/v6-m/nofp/crt0.o

.flash_begin    0x0000000010000000        0x0
                0x0000000010000000                __flash_binary_start = .

.boot2          0x0000000010000000      0x100
                0x0000000010000000                __boot2_start__ = .
 *(.boot2)
 .boot2         0x0000000010000000      0x100 /tmp/ccjzdKhQ.o
                0x0000000010000100                __boot2_end__ = .
                0x0000000000000001                ASSERT (((__boot2_end__ - __boot2_start__) == 0x100), ERROR: Pico second stage bootloader must be 256 bytes in size)

.text           0x0000000010000100     0x3650
                0x0000000010000100                __logical_binary_start = .
 *(.vectors)
 .vectors       0x0000000010000100       0xd4 CMakeFiles/firmware.dir/home/alan/pico/pico-sdk/src/rp2_common/pico_standard_link/crt0.S.obj
                0x0000000010000100                __vectors
                0x0000000010000100                __VECTOR_TABLE
                0x00000000100001c0                isr_invalid
                0x00000000100001c0                __default_isrs_start
                0x00000000100001c2                isr_nmi
                0x00000000100001c4                isr_hardfault
                0x00000000100001c6                isr_svcall
                0x00000000100001c8                isr_pendsv
                0x00000000100001ca                isr_systick
                0x00000000100001cc                isr_irq30
                0x00000000100001cc                __unhandled_user_irq
                0x00000000100001cc                isr_irq13
                0x00000000100001cc                isr_irq27
                0x00000000100001cc                isr_irq31
                0x00000000100001cc                isr_irq5
                0x00000000100001cc                isr_irq11
                0x00000000100001cc                isr_irq23
                0x00000000100001cc                isr_irq18
                0x00000000100001cc                isr_irq28
                0x00000000100001cc                isr_irq19
                0x00000000100001cc                isr_irq0
                0x00000000100001cc                isr_irq6
                0x00000000100001cc                isr_irq22
                0x00000000100001cc                isr_irq17
                0x00000000100001cc                isr_irq14
                0x00000000100001cc                isr_irq2
                0x00000000100001cc                isr_irq10
                0x00000000100001cc                isr_irq8
                0x00000000100001cc                isr_irq24
                0x00000000100001cc                isr_irq1
                0x00000000100001cc                isr_irq7
                0x00000000100001cc                isr_irq21
                0x00000000100001cc                isr_irq20
                0x00000000100001cc                isr_irq15
                0x00000000100001cc                isr_irq25
                0x00000000100001cc                isr_irq4
                0x00000000100001cc                isr_irq16
                0x00000000100001cc                isr_irq29
                0x00000000100001cc                isr_irq26
                0x00000000100001cc                __default_isrs_end
                0x00000000100001cc                isr_irq3
                0x00000000100001cc                isr_irq12
                0x00000000100001cc                isr_irq9
                0x00000000100001d2                unhandled_user_irq_num_in_r0
 *(.binary_info_header)
 .binary_info_header
                0x00000000100001d4       0x14 CMakeFiles/firmware.dir/home/alan/pico/pico-sdk/src/rp2_common/pico_standard_link/crt0.S.obj
                0x00000000100001e8                __binary_info_header_end = .
 *(.reset)
 .reset         0x00000000100001e8       0xa0 CMakeFiles/firmware.dir/home/alan/pico/pico-sdk/src/rp2_common/pico_standard_link/crt0.S.obj
                0x00000000100001e8                _entry_point
 .reset         0x0000000010000288       0x30 CMakeFiles/firmware.dir/home/alan/pico/pico-sdk/src/rp2_common/pico_standard_link/binary_info.c.obj
 *(.init)
 .init          0x00000000100002b8        0x4 /usr/lib/gcc/arm-none-eabi/10.3.1/thumb/v6-m/nofp/crti.o
                0x00000000100002b8                _init
 *(EXCLUDE_FILE(*libm.a: *libc.a:*lib_a-mem*.o *libgcc.a:) .text*)
 .text          0x00000000100002bc       0x98 /usr/lib/gcc/arm-none-eabi/10.3.1/thumb/v6-m/nofp/crtbegin.o
 .text.uart_write.constprop.0
                0x0000000010000354       0x7c CMakeFiles/firmware.dir/firmware.c.obj
 .text.uart_write.constprop.2
                0x00000000100003d0       0x80 CMakeFiles/firmware.dir/firmware.c.obj
 .text.uart_write.constprop.3
                0x0000000010000450       0x80 CMakeFiles/firmware.dir/firmware.c.obj
 .text.setup    0x00000000100004d0      0x180 CMakeFiles/firmware.dir/firmware.c.obj
                0x00000000100004d0                setup
 .text.cmd_return_echo
                0x0000000010000650       0xf0 CMakeFiles/firmware.dir/firmware.c.obj
                0x0000000010000650                cmd_return_echo
 .text.cmd_return_all_thrusters
                0x0000000010000740       0x60 CMakeFiles/firmware.dir/firmware.c.obj
                0x0000000010000740                cmd_return_all_thrusters
 .text.cmd_return_vec3
                0x00000000100007a0       0xc0 CMakeFiles/firmware.dir/firmware.c.obj
                0x00000000100007a0                cmd_return_vec3
 .text.cmd_get_sensor.part.0
                0x0000000010000860      0x270 CMakeFiles/firmware.dir/firmware.c.obj
 .text.loop_outputs
                0x0000000010000ad0      0x2f4 CMakeFiles/firmware.dir/firmware.c.obj
                0x0000000010000ad0                loop_outputs
 .text.uart_parse_packet.part.0
                0x0000000010000dc4      0x180 CMakeFiles/firmware.dir/firmware.c.obj
 .text.uart_read
                0x0000000010000f44       0xa0 CMakeFiles/firmware.dir/firmware.c.obj
                0x0000000010000f44                uart_read
 .text.startup.main
                0x0000000010000fe4       0x30 CMakeFiles/firmware.dir/firmware.c.obj
                0x0000000010000fe4                main
 .text.bno_accel
                0x0000000010001014       0x5c CMakeFiles/firmware.dir/bno055.c.obj
                0x0000000010001014                bno_accel
 .text.bno_magnet
                0x0000000010001070       0x5c CMakeFiles/firmware.dir/bno055.c.obj
                0x0000000010001070                bno_magnet
 .text.bno_gyro
                0x00000000100010cc       0x5c CMakeFiles/firmware.dir/bno055.c.obj
                0x00000000100010cc                bno_gyro
 .text.bno_orientation
                0x0000000010001128       0x60 CMakeFiles/firmware.dir/bno055.c.obj
                0x0000000010001128                bno_orientation
 .text.bno_quaternion
                0x0000000010001188       0x40 CMakeFiles/firmware.dir/bno055.c.obj
                0x0000000010001188                bno_quaternion
 .text.bno_lin_accel
                0x00000000100011c8       0x5c CMakeFiles/firmware.dir/bno055.c.obj
                0x00000000100011c8                bno_lin_accel
 .text.bno_gravity
                0x0000000010001224       0x5c CMakeFiles/firmware.dir/bno055.c.obj
                0x0000000010001224                bno_gravity
 .text.bno_temperature
                0x0000000010001280       0x14 CMakeFiles/firmware.dir/bno055.c.obj
                0x0000000010001280                bno_temperature
 .text.bno_calibration
                0x0000000010001294        0xc CMakeFiles/firmware.dir/bno055.c.obj
                0x0000000010001294                bno_calibration
 .text.bno_sys_status
                0x00000000100012a0        0xc CMakeFiles/firmware.dir/bno055.c.obj
                0x00000000100012a0                bno_sys_status
 .text.bno_sys_error
                0x00000000100012ac        0xc CMakeFiles/firmware.dir/bno055.c.obj
                0x00000000100012ac                bno_sys_error
 .text.set_sys_clock_pll
                0x00000000100012b8       0x78 CMakeFiles/firmware.dir/home/alan/pico/pico-sdk/src/rp2_common/pico_stdlib/stdlib.c.obj
                0x00000000100012b8                set_sys_clock_pll
 .text.check_sys_clock_khz
                0x0000000010001330      0x178 CMakeFiles/firmware.dir/home/alan/pico/pico-sdk/src/rp2_common/pico_stdlib/stdlib.c.obj
                0x0000000010001330                check_sys_clock_khz
 .text.gpio_set_function
                0x00000000100014a8       0x30 CMakeFiles/firmware.dir/home/alan/pico/pico-sdk/src/rp2_common/hardware_gpio/gpio.c.obj
                0x00000000100014a8                gpio_set_function
 .text.gpio_init
                0x00000000100014d8       0x3c CMakeFiles/firmware.dir/home/alan/pico/pico-sdk/src/rp2_common/hardware_gpio/gpio.c.obj
                0x00000000100014d8                gpio_init
 .text.running_on_fpga
                0x0000000010001514       0x10 CMakeFiles/firmware.dir/home/alan/pico/pico-sdk/src/rp2_common/pico_platform/platform.c.obj
                0x0000000010001514                running_on_fpga
 .text.hw_claim_or_assert
                0x0000000010001524       0x44 CMakeFiles/firmware.dir/home/alan/pico/pico-sdk/src/rp2_common/hardware_claim/claim.c.obj
                0x0000000010001524                hw_claim_or_assert
 .text.spin_locks_reset
                0x0000000010001568       0x1c CMakeFiles/firmware.dir/home/alan/pico/pico-sdk/src/rp2_common/hardware_sync/sync.c.obj
                0x0000000010001568                spin_locks_reset
 .text.next_striped_spin_lock_num
                0x0000000010001584       0x18 CMakeFiles/firmware.dir/home/alan/pico/pico-sdk/src/rp2_common/hardware_sync/sync.c.obj
                0x0000000010001584                next_striped_spin_lock_num
 .text.irq_set_enabled
                0x000000001000159c       0x24 CMakeFiles/firmware.dir/home/alan/pico/pico-sdk/src/rp2_common/hardware_irq/irq.c.obj
                0x000000001000159c                irq_set_enabled
 .text.irq_get_vtable_handler
                0x00000000100015c0       0x10 CMakeFiles/firmware.dir/home/alan/pico/pico-sdk/src/rp2_common/hardware_irq/irq.c.obj
                0x00000000100015c0                irq_get_vtable_handler
 .text.irq_set_exclusive_handler
                0x00000000100015d0       0x54 CMakeFiles/firmware.dir/home/alan/pico/pico-sdk/src/rp2_common/hardware_irq/irq.c.obj
                0x00000000100015d0                irq_set_exclusive_handler
 .text.irq_remove_handler
                0x0000000010001624      0x1b0 CMakeFiles/firmware.dir/home/alan/pico/pico-sdk/src/rp2_common/hardware_irq/irq.c.obj
                0x0000000010001624                irq_remove_handler
 .text.irq_add_tail_to_free_list
                0x00000000100017d4       0xb4 CMakeFiles/firmware.dir/home/alan/pico/pico-sdk/src/rp2_common/hardware_irq/irq.c.obj
                0x00000000100017d4                irq_add_tail_to_free_list
 .text.irq_init_priorities
                0x0000000010001888       0x24 CMakeFiles/firmware.dir/home/alan/pico/pico-sdk/src/rp2_common/hardware_irq/irq.c.obj
                0x0000000010001888                irq_init_priorities
 .text.lock_init
                0x00000000100018ac       0x10 CMakeFiles/firmware.dir/home/alan/pico/pico-sdk/src/common/pico_sync/lock_core.c.obj
                0x00000000100018ac                lock_init
 .text.mutex_init
                0x00000000100018bc       0x1c CMakeFiles/firmware.dir/home/alan/pico/pico-sdk/src/common/pico_sync/mutex.c.obj
                0x00000000100018bc                mutex_init
 .text.recursive_mutex_init
                0x00000000100018d8       0x1c CMakeFiles/firmware.dir/home/alan/pico/pico-sdk/src/common/pico_sync/mutex.c.obj
                0x00000000100018d8                recursive_mutex_init
 .text.timer_pool_entry_comparator
                0x00000000100018f4       0x34 CMakeFiles/firmware.dir/home/alan/pico/pico-sdk/src/common/pico_time/time.c.obj
                0x00000000100018f4                timer_pool_entry_comparator
 .text.sleep_until_callback
                0x0000000010001928       0x30 CMakeFiles/firmware.dir/home/alan/pico/pico-sdk/src/common/pico_time/time.c.obj
 .text.add_alarm_under_lock.isra.0
                0x0000000010001958      0x100 CMakeFiles/firmware.dir/home/alan/pico/pico-sdk/src/common/pico_time/time.c.obj
 .text.alarm_pool_alarm_callback
                0x0000000010001a58      0x1b8 CMakeFiles/firmware.dir/home/alan/pico/pico-sdk/src/common/pico_time/time.c.obj
 .text.alarm_pool_init_default
                0x0000000010001c10       0x6c CMakeFiles/firmware.dir/home/alan/pico/pico-sdk/src/common/pico_time/time.c.obj
                0x0000000010001c10                alarm_pool_init_default
 .text.alarm_pool_add_alarm_at
                0x0000000010001c7c      0x17c CMakeFiles/firmware.dir/home/alan/pico/pico-sdk/src/common/pico_time/time.c.obj
                0x0000000010001c7c                alarm_pool_add_alarm_at
 .text.alarm_pool_cancel_alarm
                0x0000000010001df8       0x74 CMakeFiles/firmware.dir/home/alan/pico/pico-sdk/src/common/pico_time/time.c.obj
                0x0000000010001df8                alarm_pool_cancel_alarm
 .text.best_effort_wfe_or_timeout
                0x0000000010001e6c       0x78 CMakeFiles/firmware.dir/home/alan/pico/pico-sdk/src/common/pico_time/time.c.obj
                0x0000000010001e6c                best_effort_wfe_or_timeout
 .text.hardware_alarm_irq_handler
                0x0000000010001ee4       0xbc CMakeFiles/firmware.dir/home/alan/pico/pico-sdk/src/rp2_common/hardware_timer/timer.c.obj
 .text.hardware_alarm_claim
                0x0000000010001fa0       0x18 CMakeFiles/firmware.dir/home/alan/pico/pico-sdk/src/rp2_common/hardware_timer/timer.c.obj
                0x0000000010001fa0                hardware_alarm_claim
 .text.time_us_64
                0x0000000010001fb8       0x14 CMakeFiles/firmware.dir/home/alan/pico/pico-sdk/src/rp2_common/hardware_timer/timer.c.obj
                0x0000000010001fb8                time_us_64
 .text.hardware_alarm_set_callback
                0x0000000010001fcc       0x8c CMakeFiles/firmware.dir/home/alan/pico/pico-sdk/src/rp2_common/hardware_timer/timer.c.obj
                0x0000000010001fcc                hardware_alarm_set_callback
 .text.hardware_alarm_set_target
                0x0000000010002058       0xe0 CMakeFiles/firmware.dir/home/alan/pico/pico-sdk/src/rp2_common/hardware_timer/timer.c.obj
                0x0000000010002058                hardware_alarm_set_target
 .text.hardware_alarm_cancel
                0x0000000010002138       0x3c CMakeFiles/firmware.dir/home/alan/pico/pico-sdk/src/rp2_common/hardware_timer/timer.c.obj
                0x0000000010002138                hardware_alarm_cancel
 .text.ph_merge_nodes
                0x0000000010002174       0x68 CMakeFiles/firmware.dir/home/alan/pico/pico-sdk/src/common/pico_util/pheap.c.obj
 .text.ph_post_alloc_init
                0x00000000100021dc       0x3c CMakeFiles/firmware.dir/home/alan/pico/pico-sdk/src/common/pico_util/pheap.c.obj
                0x00000000100021dc                ph_post_alloc_init
 .text.ph_merge_two_pass
                0x0000000010002218       0x90 CMakeFiles/firmware.dir/home/alan/pico/pico-sdk/src/common/pico_util/pheap.c.obj
                0x0000000010002218                ph_merge_two_pass
 .text.ph_remove_any_head
                0x00000000100022a8      0x100 CMakeFiles/firmware.dir/home/alan/pico/pico-sdk/src/common/pico_util/pheap.c.obj
 .text.ph_remove_head
                0x00000000100023a8      0x104 CMakeFiles/firmware.dir/home/alan/pico/pico-sdk/src/common/pico_util/pheap.c.obj
                0x00000000100023a8                ph_remove_head
 .text.ph_remove_and_free_node
                0x00000000100024ac       0x7c CMakeFiles/firmware.dir/home/alan/pico/pico-sdk/src/common/pico_util/pheap.c.obj
                0x00000000100024ac                ph_remove_and_free_node
 .text.uart_init
                0x0000000010002528       0xe0 CMakeFiles/firmware.dir/home/alan/pico/pico-sdk/src/rp2_common/hardware_uart/uart.c.obj
                0x0000000010002528                uart_init
 .text.clock_configure
                0x0000000010002608      0x114 CMakeFiles/firmware.dir/home/alan/pico/pico-sdk/src/rp2_common/hardware_clocks/clocks.c.obj
                0x0000000010002608                clock_configure
 .text.clocks_init
                0x000000001000271c      0x2bc CMakeFiles/firmware.dir/home/alan/pico/pico-sdk/src/rp2_common/hardware_clocks/clocks.c.obj
                0x000000001000271c                clocks_init
 .text.clock_get_hz
                0x00000000100029d8        0xc CMakeFiles/firmware.dir/home/alan/pico/pico-sdk/src/rp2_common/hardware_clocks/clocks.c.obj
                0x00000000100029d8                clock_get_hz
 .text.pll_init
                0x00000000100029e4       0xb0 CMakeFiles/firmware.dir/home/alan/pico/pico-sdk/src/rp2_common/hardware_pll/pll.c.obj
                0x00000000100029e4                pll_init
 .text.watchdog_start_tick
                0x0000000010002a94       0x10 CMakeFiles/firmware.dir/home/alan/pico/pico-sdk/src/rp2_common/hardware_watchdog/watchdog.c.obj
                0x0000000010002a94                watchdog_start_tick
 .text.xosc_init
                0x0000000010002aa4       0x28 CMakeFiles/firmware.dir/home/alan/pico/pico-sdk/src/rp2_common/hardware_xosc/xosc.c.obj
                0x0000000010002aa4                xosc_init
 .text.runtime_init
                0x0000000010002acc       0xf0 CMakeFiles/firmware.dir/home/alan/pico/pico-sdk/src/rp2_common/pico_runtime/runtime.c.obj
                0x0000000010002acc                runtime_init
 .text._exit    0x0000000010002bbc        0x4 CMakeFiles/firmware.dir/home/alan/pico/pico-sdk/src/rp2_common/pico_runtime/runtime.c.obj
                0x0000000010002bbc                _exit
 .text.exit     0x0000000010002bc0        0x8 CMakeFiles/firmware.dir/home/alan/pico/pico-sdk/src/rp2_common/pico_runtime/runtime.c.obj
                0x0000000010002bc0                exit
 .text.panic    0x0000000010002bc8       0x30 CMakeFiles/firmware.dir/home/alan/pico/pico-sdk/src/rp2_common/pico_runtime/runtime.c.obj
                0x0000000010002bc8                panic
 .text.hard_assertion_failure
                0x0000000010002bf8        0xc CMakeFiles/firmware.dir/home/alan/pico/pico-sdk/src/rp2_common/pico_runtime/runtime.c.obj
                0x0000000010002bf8                hard_assertion_failure
 .text._out_char
                0x0000000010002c04       0x10 CMakeFiles/firmware.dir/home/alan/pico/pico-sdk/src/rp2_common/pico_printf/printf.c.obj
 .text.weak_raw_vprintf
                0x0000000010002c14       0x30 CMakeFiles/firmware.dir/home/alan/pico/pico-sdk/src/rp2_common/pico_printf/printf.c.obj
                0x0000000010002c14                weak_raw_vprintf
 .text          0x0000000010002c44       0x10 CMakeFiles/firmware.dir/home/alan/pico/pico-sdk/src/rp2_common/pico_bit_ops/bit_ops_aeabi.S.obj
 .text.rom_func_lookup
                0x0000000010002c54       0x10 CMakeFiles/firmware.dir/home/alan/pico/pico-sdk/src/rp2_common/pico_bootrom/bootrom.c.obj
                0x0000000010002c54                rom_func_lookup
 .text.rom_data_lookup
                0x0000000010002c64       0x10 CMakeFiles/firmware.dir/home/alan/pico/pico-sdk/src/rp2_common/pico_bootrom/bootrom.c.obj
                0x0000000010002c64                rom_data_lookup
 .text.rom_funcs_lookup
                0x0000000010002c74       0x44 CMakeFiles/firmware.dir/home/alan/pico/pico-sdk/src/rp2_common/pico_bootrom/bootrom.c.obj
                0x0000000010002c74                rom_funcs_lookup
 .text.__wrap___aeabi_uidiv
                0x0000000010002cb8       0x4c CMakeFiles/firmware.dir/home/alan/pico/pico-sdk/src/rp2_common/pico_divider/divider.S.obj
                0x0000000010002cb8                __wrap___aeabi_uidiv
                0x0000000010002cb8                __wrap___aeabi_uidivmod
                0x0000000010002cb8                div_u32u32
                0x0000000010002cb8                divmod_u32u32
                0x0000000010002cc0                divmod_u32u32_unsafe
                0x0000000010002ce8                divmod_u32u32_savestate
 .text.__wrap___aeabi_ldiv
                0x0000000010002d04      0x424 CMakeFiles/firmware.dir/home/alan/pico/pico-sdk/src/rp2_common/pico_divider/divider.S.obj
                0x0000000010002d04                div_s64s64
                0x0000000010002d04                divmod_s64s64
                0x0000000010002d04                __wrap___aeabi_ldivmod
                0x0000000010002d34                div_u64u64
                0x0000000010002d34                divmod_u64u64
                0x0000000010002d34                __wrap___aeabi_uldivmod
                0x0000000010002d44                divmod_u64u64_savestate
                0x0000000010002d64                divmod_s64s64_unsafe
                0x0000000010002dec                divmod_u64u64_unsafe
 .text.__wrap___aeabi_darithmetic
                0x0000000010003128       0x60 CMakeFiles/firmware.dir/home/alan/pico/pico-sdk/src/rp2_common/pico_double/double_aeabi.S.obj
                0x0000000010003128                __wrap___aeabi_drsub
                0x000000001000312e                __wrap___aeabi_dsub
                0x0000000010003138                __wrap___aeabi_dadd
                0x0000000010003142                __wrap___aeabi_ddiv
                0x0000000010003176                __wrap___aeabi_dmul
 .text.__wrap___aeabi_i2d
                0x0000000010003188       0x38 CMakeFiles/firmware.dir/home/alan/pico/pico-sdk/src/rp2_common/pico_double/double_aeabi.S.obj
                0x0000000010003188                __wrap___aeabi_ui2d
                0x0000000010003190                __wrap___aeabi_i2d
 .text.__wrap___aeabi_d2f
                0x00000000100031c0       0x10 CMakeFiles/firmware.dir/home/alan/pico/pico-sdk/src/rp2_common/pico_double/double_aeabi.S.obj
                0x00000000100031c0                __wrap___aeabi_d2f
 .text.missing_double_func_shim
                0x00000000100031d0        0xc CMakeFiles/firmware.dir/home/alan/pico/pico-sdk/src/rp2_common/pico_double/double_init_rom.c.obj
 .text.__aeabi_double_init
                0x00000000100031dc       0x98 CMakeFiles/firmware.dir/home/alan/pico/pico-sdk/src/rp2_common/pico_double/double_init_rom.c.obj
                0x00000000100031dc                __aeabi_double_init
 .text.double_table_shim_on_use_helper
                0x0000000010003274       0x2c CMakeFiles/firmware.dir/home/alan/pico/pico-sdk/src/rp2_common/pico_double/double_v1_rom_shim.S.obj
                0x0000000010003274                double_table_shim_on_use_helper
 .text.__aeabi_lmul
                0x00000000100032a0       0x32 CMakeFiles/firmware.dir/home/alan/pico/pico-sdk/src/rp2_common/pico_int64_ops/pico_int64_ops_aeabi.S.obj
                0x00000000100032a0                __wrap___aeabi_lmul
 .text.__wrap___aeabi_ui2f
                0x00000000100032d2        0xa CMakeFiles/firmware.dir/home/alan/pico/pico-sdk/src/rp2_common/pico_float/float_aeabi.S.obj
                0x00000000100032d2                __wrap___aeabi_ui2f
 .text.__wrap___aeabi_i2f
                0x00000000100032dc       0x44 CMakeFiles/firmware.dir/home/alan/pico/pico-sdk/src/rp2_common/pico_float/float_aeabi.S.obj
                0x00000000100032dc                __wrap___aeabi_i2f
 .text.__wrap___aeabi_f2uiz
                0x0000000010003320        0xc CMakeFiles/firmware.dir/home/alan/pico/pico-sdk/src/rp2_common/pico_float/float_aeabi.S.obj
                0x0000000010003320                __wrap___aeabi_f2uiz
 .text.missing_float_func_shim
                0x000000001000332c        0xc CMakeFiles/firmware.dir/home/alan/pico/pico-sdk/src/rp2_common/pico_float/float_init_rom.c.obj
 .text.__aeabi_float_init
                0x0000000010003338       0x5c CMakeFiles/firmware.dir/home/alan/pico/pico-sdk/src/rp2_common/pico_float/float_init_rom.c.obj
                0x0000000010003338                __aeabi_float_init
 .text          0x0000000010003394       0x10 CMakeFiles/firmware.dir/home/alan/pico/pico-sdk/src/rp2_common/pico_mem_ops/mem_ops_aeabi.S.obj
                0x0000000010003394                __aeabi_mem_init
 .text.memset   0x00000000100033a4        0xc CMakeFiles/firmware.dir/home/alan/pico/pico-sdk/src/rp2_common/pico_mem_ops/mem_ops_aeabi.S.obj
                0x00000000100033a4                __wrap_memset
 .text.memcpy   0x00000000100033b0        0xc CMakeFiles/firmware.dir/home/alan/pico/pico-sdk/src/rp2_common/pico_mem_ops/mem_ops_aeabi.S.obj
                0x00000000100033b0                __wrap___aeabi_memcpy
                0x00000000100033b0                __wrap_memcpy
 .text.stdio_out_chars_no_crlf
                0x00000000100033bc       0x10 CMakeFiles/firmware.dir/home/alan/pico/pico-sdk/src/rp2_common/pico_stdio/stdio.c.obj
 .text.stdio_out_chars_crlf
                0x00000000100033cc       0xb4 CMakeFiles/firmware.dir/home/alan/pico/pico-sdk/src/rp2_common/pico_stdio/stdio.c.obj
 .text.stdio_put_string.isra.0
                0x0000000010003480       0xfc CMakeFiles/firmware.dir/home/alan/pico/pico-sdk/src/rp2_common/pico_stdio/stdio.c.obj
 .text.__wrap_putchar
                0x000000001000357c       0x98 CMakeFiles/firmware.dir/home/alan/pico/pico-sdk/src/rp2_common/pico_stdio/stdio.c.obj
                0x000000001000357c                __wrap_putchar
 .text.__wrap_puts
                0x0000000010003614       0x3c CMakeFiles/firmware.dir/home/alan/pico/pico-sdk/src/rp2_common/pico_stdio/stdio.c.obj
                0x0000000010003614                __wrap_puts
 .text.startup._retrieve_unique_id_on_boot
                0x0000000010003650       0x10 CMakeFiles/firmware.dir/home/alan/pico/pico-sdk/src/rp2_common/pico_unique_id/unique_id.c.obj
 .text.flash_get_unique_id
                0x0000000010003660       0x40 CMakeFiles/firmware.dir/home/alan/pico/pico-sdk/src/rp2_common/hardware_flash/flash.c.obj
                0x0000000010003660                flash_get_unique_id
 .text          0x00000000100036a0       0x5c /usr/lib/gcc/arm-none-eabi/10.3.1/../../../arm-none-eabi/lib/thumb/v6-m/nofp/libc.a(lib_a-strlen-stub.o)
                0x00000000100036a0                strlen
 *(.fini)
 .fini          0x00000000100036fc        0x4 /usr/lib/gcc/arm-none-eabi/10.3.1/thumb/v6-m/nofp/crti.o
                0x00000000100036fc                _fini
 .fini.__stub   0x0000000010003700       0x50 linker stubs
 *crtbegin.o(.ctors)
 *crtbegin?.o(.ctors)
 *(EXCLUDE_FILE(*crtend.o *crtend?.o) .ctors)
 *(SORT_BY_NAME(.ctors.*))
 *(.ctors)
 *crtbegin.o(.dtors)
 *crtbegin?.o(.dtors)
 *(EXCLUDE_FILE(*crtend.o *crtend?.o) .dtors)
 *(SORT_BY_NAME(.dtors.*))
 *(.dtors)
 *(.eh_frame*)
 .eh_frame      0x0000000010003750        0x0 /usr/lib/gcc/arm-none-eabi/10.3.1/thumb/v6-m/nofp/crtbegin.o
                0x0000000010003750                . = ALIGN (0x4)

.glue_7         0x0000000010003750        0x0
 .glue_7        0x0000000010003750        0x0 linker stubs

.glue_7t        0x0000000010003750        0x0
 .glue_7t       0x0000000010003750        0x0 linker stubs

.vfp11_veneer   0x0000000010003750        0x0
 .vfp11_veneer  0x0000000010003750        0x0 linker stubs

.v4_bx          0x0000000010003750        0x0
 .v4_bx         0x0000000010003750        0x0 linker stubs

.iplt           0x0000000010003750        0x0
 .iplt          0x0000000010003750        0x0 /usr/lib/gcc/arm-none-eabi/10.3.1/thumb/v6-m/nofp/crtbegin.o

.rodata         0x0000000010003750      0x21c
 *(EXCLUDE_FILE(*libm.a: *libc.a:*lib_a-mem*.o *libgcc.a:) .rodata*)
 .rodata.cmd_get_sensor.part.0
                0x0000000010003750       0x3c CMakeFiles/firmware.dir/firmware.c.obj
 .rodata.uart_parse_packet.part.0
                0x000000001000378c       0xcc CMakeFiles/firmware.dir/firmware.c.obj
 .rodata.str1.4
                0x0000000010003858       0x1e CMakeFiles/firmware.dir/firmware.c.obj
 *fill*         0x0000000010003876        0x2 
 .rodata        0x0000000010003878        0x8 CMakeFiles/firmware.dir/firmware.c.obj
 .rodata.__bi_488.0
                0x0000000010003880        0xc CMakeFiles/firmware.dir/firmware.c.obj
 .rodata.thruster_pins
                0x000000001000388c        0x8 CMakeFiles/firmware.dir/firmware.c.obj
                0x000000001000388c                thruster_pins
 .rodata.hardware_alarm_claim.str1.4
                0x0000000010003894       0x22 CMakeFiles/firmware.dir/home/alan/pico/pico-sdk/src/rp2_common/hardware_timer/timer.c.obj
 *fill*         0x00000000100038b6        0x2 
 .rodata.panic.str1.4
                0x00000000100038b8       0x12 CMakeFiles/firmware.dir/home/alan/pico/pico-sdk/src/rp2_common/pico_runtime/runtime.c.obj
 *fill*         0x00000000100038ca        0x2 
 .rodata.hard_assertion_failure.str1.4
                0x00000000100038cc        0xc CMakeFiles/firmware.dir/home/alan/pico/pico-sdk/src/rp2_common/pico_runtime/runtime.c.obj
 .rodata.missing_double_func_shim.str1.4
                0x00000000100038d8       0x18 CMakeFiles/firmware.dir/home/alan/pico/pico-sdk/src/rp2_common/pico_double/double_init_rom.c.obj
 .rodata.missing_float_func_shim.str1.4
                0x00000000100038f0       0x18 CMakeFiles/firmware.dir/home/alan/pico/pico-sdk/src/rp2_common/pico_float/float_init_rom.c.obj
                                          0x1 (size before relaxing)
 .rodata.str1.4
                0x00000000100038f0       0x54 CMakeFiles/firmware.dir/home/alan/pico/pico-sdk/src/rp2_common/pico_standard_link/binary_info.c.obj
 .rodata.__bi_44
                0x0000000010003944        0xc CMakeFiles/firmware.dir/home/alan/pico/pico-sdk/src/rp2_common/pico_standard_link/binary_info.c.obj
 .rodata.__bi_75
                0x0000000010003950        0xc CMakeFiles/firmware.dir/home/alan/pico/pico-sdk/src/rp2_common/pico_standard_link/binary_info.c.obj
 .rodata.__bi_81
                0x000000001000395c        0xc CMakeFiles/firmware.dir/home/alan/pico/pico-sdk/src/rp2_common/pico_standard_link/binary_info.c.obj
 .rodata.crlf_str.0
                0x0000000010003968        0x2 CMakeFiles/firmware.dir/home/alan/pico/pico-sdk/src/rp2_common/pico_stdio/stdio.c.obj
                0x000000001000396c                . = ALIGN (0x4)
 *fill*         0x000000001000396a        0x2 
 *(SORT_BY_ALIGNMENT(SORT_BY_NAME(.flashdata*)))
                0x000000001000396c                . = ALIGN (0x4)

.rel.dyn        0x000000001000396c        0x0
 .rel.iplt      0x000000001000396c        0x0 /usr/lib/gcc/arm-none-eabi/10.3.1/thumb/v6-m/nofp/crtbegin.o

.ARM.extab
 *(.ARM.extab* .gnu.linkonce.armextab.*)
                0x000000001000396c                __exidx_start = .

.ARM.exidx
 *(.ARM.exidx* .gnu.linkonce.armexidx.*)
                0x000000001000396c                __exidx_end = .
                0x000000001000396c                . = ALIGN (0x4)
                0x000000001000396c                __binary_info_start = .

.binary_info    0x000000001000396c       0x20
 *(.binary_info.keep.*)
 .binary_info.keep.__bi_ptr488
                0x000000001000396c        0x4 CMakeFiles/firmware.dir/firmware.c.obj
 .binary_info.keep.__bi_ptr22
                0x0000000010003970        0x4 CMakeFiles/firmware.dir/home/alan/pico/pico-sdk/src/rp2_common/pico_standard_link/binary_info.c.obj
 .binary_info.keep.__bi_ptr30
                0x0000000010003974        0x4 CMakeFiles/firmware.dir/home/alan/pico/pico-sdk/src/rp2_common/pico_standard_link/binary_info.c.obj
 .binary_info.keep.__bi_ptr38
                0x0000000010003978        0x4 CMakeFiles/firmware.dir/home/alan/pico/pico-sdk/src/rp2_common/pico_standard_link/binary_info.c.obj
 .binary_info.keep.__bi_ptr44
                0x000000001000397c        0x4 CMakeFiles/firmware.dir/home/alan/pico/pico-sdk/src/rp2_common/pico_standard_link/binary_info.c.obj
 .binary_info.keep.__bi_ptr50
                0x0000000010003980        0x4 CMakeFiles/firmware.dir/home/alan/pico/pico-sdk/src/rp2_common/pico_standard_link/binary_info.c.obj
 .binary_info.keep.__bi_ptr75
                0x0000000010003984        0x4 CMakeFiles/firmware.dir/home/alan/pico/pico-sdk/src/rp2_common/pico_standard_link/binary_info.c.obj
 .binary_info.keep.__bi_ptr81
                0x0000000010003988        0x4 CMakeFiles/firmware.dir/home/alan/pico/pico-sdk/src/rp2_common/pico_standard_link/binary_info.c.obj
 *(.binary_info.*)
                0x000000001000398c                __binary_info_end = .
                0x000000001000398c                . = ALIGN (0x4)
                0x000000001000398c                __etext = .

.ram_vector_table
                0x0000000020000000       0xc0
 *(.ram_vector_table)
 .ram_vector_table
                0x0000000020000000       0xc0 CMakeFiles/firmware.dir/home/alan/pico/pico-sdk/src/rp2_common/pico_runtime/runtime.c.obj
                0x0000000020000000                ram_vector_table

.data           0x00000000200000c0      0x2d0 load address 0x000000001000398c
                0x00000000200000c0                __data_start__ = .
 *(vtable)
 *(.time_critical*)
 .time_critical.mutex_try_enter_block_until
                0x00000000200000c0       0x9c CMakeFiles/firmware.dir/home/alan/pico/pico-sdk/src/common/pico_sync/mutex.c.obj
                0x00000000200000c0                mutex_try_enter_block_until
 .time_critical.mutex_exit
                0x000000002000015c       0x28 CMakeFiles/firmware.dir/home/alan/pico/pico-sdk/src/common/pico_sync/mutex.c.obj
                0x000000002000015c                mutex_exit
 .time_critical.flash_init_boot2_copyout
                0x0000000020000184       0x30 CMakeFiles/firmware.dir/home/alan/pico/pico-sdk/src/rp2_common/hardware_flash/flash.c.obj
 .time_critical.flash_enable_xip_via_boot2
                0x00000000200001b4       0x10 CMakeFiles/firmware.dir/home/alan/pico/pico-sdk/src/rp2_common/hardware_flash/flash.c.obj
 .time_critical.flash_cs_force
                0x00000000200001c4       0x38 CMakeFiles/firmware.dir/home/alan/pico/pico-sdk/src/rp2_common/hardware_flash/flash.c.obj
 .time_critical.flash_do_cmd
                0x00000000200001fc       0xc4 CMakeFiles/firmware.dir/home/alan/pico/pico-sdk/src/rp2_common/hardware_flash/flash.c.obj
                0x00000000200001fc                flash_do_cmd
 *(.text*)
 .text          0x00000000200002c0        0x4 /usr/lib/gcc/arm-none-eabi/10.3.1/thumb/v6-m/nofp/libgcc.a(_dvmd_tls.o)
                0x00000000200002c0                __aeabi_ldiv0
                0x00000000200002c0                __aeabi_idiv0
 *fill*         0x00000000200002c4        0x4 
 .text.__stub   0x00000000200002c8       0x10 linker stubs
                0x00000000200002d8                . = ALIGN (0x4)
 *(.rodata*)
                0x00000000200002d8                . = ALIGN (0x4)
 *(.data*)
 .data.striped_spin_lock_num
                0x00000000200002d8        0x1 CMakeFiles/firmware.dir/home/alan/pico/pico-sdk/src/rp2_common/hardware_sync/sync.c.obj
 *fill*         0x00000000200002d9        0x3 
 .data          0x00000000200002dc       0x48 CMakeFiles/firmware.dir/home/alan/pico/pico-sdk/src/rp2_common/hardware_irq/irq_handler_chain.S.obj
                0x00000000200002dc                irq_handler_chain_slots
                0x000000002000030c                irq_handler_chain_first_slot
                0x0000000020000316                irq_handler_chain_remove_tail
 .data.default_alarm_pool
                0x0000000020000324       0x18 CMakeFiles/firmware.dir/home/alan/pico/pico-sdk/src/common/pico_time/time.c.obj
 .data.default_alarm_pool_heap
                0x000000002000033c       0x10 CMakeFiles/firmware.dir/home/alan/pico/pico-sdk/src/common/pico_time/time.c.obj
 *fill*         0x000000002000034c        0x4 
 .data.aeabi_bits_funcs
                0x0000000020000350       0x10 CMakeFiles/firmware.dir/home/alan/pico/pico-sdk/src/rp2_common/pico_bit_ops/bit_ops_aeabi.S.obj
                0x0000000020000350                aeabi_bits_funcs
                0x0000000020000360                aeabi_bits_funcs_end
 .data.aeabi_mem_funcs
                0x0000000020000360       0x10 CMakeFiles/firmware.dir/home/alan/pico/pico-sdk/src/rp2_common/pico_mem_ops/mem_ops_aeabi.S.obj
                0x0000000020000360                aeabi_mem_funcs
                0x0000000020000370                aeabi_mem_funcs_end
                0x0000000020000370                . = ALIGN (0x4)
 *(.after_data.*)
                0x0000000020000370                . = ALIGN (0x4)
                0x0000000020000370                PROVIDE (__mutex_array_start = .)
 *(SORT_BY_NAME(.mutex_array.*))
 *(.mutex_array)
 .mutex_array   0x0000000020000370        0x8 CMakeFiles/firmware.dir/home/alan/pico/pico-sdk/src/rp2_common/pico_stdio/stdio.c.obj
                0x0000000020000378                PROVIDE (__mutex_array_end = .)
                0x0000000020000378                . = ALIGN (0x4)
                0x0000000020000378                PROVIDE (__preinit_array_start = .)
 *(SORT_BY_NAME(.preinit_array.*))
 .preinit_array.00001
                0x0000000020000378        0x4 CMakeFiles/firmware.dir/home/alan/pico/pico-sdk/src/rp2_common/pico_mem_ops/mem_ops_aeabi.S.obj
 .preinit_array.00010
                0x000000002000037c        0x4 CMakeFiles/firmware.dir/home/alan/pico/pico-sdk/src/rp2_common/pico_bit_ops/bit_ops_aeabi.S.obj
 .preinit_array.00020
                0x0000000020000380        0x4 CMakeFiles/firmware.dir/home/alan/pico/pico-sdk/src/rp2_common/pico_double/double_aeabi.S.obj
 .preinit_array.00020
                0x0000000020000384        0x4 CMakeFiles/firmware.dir/home/alan/pico/pico-sdk/src/rp2_common/pico_float/float_aeabi.S.obj
 *(.preinit_array)
                0x0000000020000388                PROVIDE (__preinit_array_end = .)
                0x0000000020000388                . = ALIGN (0x4)
                0x0000000020000388                PROVIDE (__init_array_start = .)
 *(SORT_BY_NAME(.init_array.*))
 *(.init_array)
 .init_array    0x0000000020000388        0x4 /usr/lib/gcc/arm-none-eabi/10.3.1/thumb/v6-m/nofp/crtbegin.o
 .init_array    0x000000002000038c        0x4 CMakeFiles/firmware.dir/home/alan/pico/pico-sdk/src/rp2_common/pico_unique_id/unique_id.c.obj
                0x0000000020000390                PROVIDE (__init_array_end = .)
                0x0000000020000390                . = ALIGN (0x4)
                0x0000000020000390                PROVIDE (__fini_array_start = .)
 *(SORT_BY_NAME(.fini_array.*))
 *(.fini_array)
                0x0000000020000390                PROVIDE (__fini_array_end = .)
 *(.jcr)
                0x0000000020000390                . = ALIGN (0x4)
                0x0000000020000390                __data_end__ = .

.tm_clone_table
                0x0000000020000390        0x0 load address 0x0000000010003c5c
 .tm_clone_table
                0x0000000020000390        0x0 /usr/lib/gcc/arm-none-eabi/10.3.1/thumb/v6-m/nofp/crtbegin.o
 .tm_clone_table
                0x0000000020000390        0x0 /usr/lib/gcc/arm-none-eabi/10.3.1/thumb/v6-m/nofp/crtend.o

.igot.plt       0x0000000020000390        0x0 load address 0x0000000010003c5c
 .igot.plt      0x0000000020000390        0x0 /usr/lib/gcc/arm-none-eabi/10.3.1/thumb/v6-m/nofp/crtbegin.o

.uninitialized_data
                0x0000000020000390        0x0 load address 0x0000000010003c5c
                0x0000000020000390                . = ALIGN (0x4)
 *(.uninitialized_data*)

.scratch_x      0x0000000020040000        0x0 load address 0x0000000010003c5c
                0x0000000020040000                __scratch_x_start__ = .
 *(.scratch_x.*)
                0x0000000020040000                . = ALIGN (0x4)
                0x0000000020040000                __scratch_x_end__ = .
                0x0000000010003c5c                __scratch_x_source__ = LOADADDR (.scratch_x)

.scratch_y      0x0000000020041000        0x0 load address 0x0000000010003c5c
                0x0000000020041000                __scratch_y_start__ = .
 *(.scratch_y.*)
                0x0000000020041000                . = ALIGN (0x4)
                0x0000000020041000                __scratch_y_end__ = .
                0x0000000010003c5c                __scratch_y_source__ = LOADADDR (.scratch_y)

.bss            0x0000000020000390      0x698
                0x0000000020000390                . = ALIGN (0x4)
                0x0000000020000390                __bss_start__ = .
 *(SORT_BY_ALIGNMENT(SORT_BY_NAME(.bss*)))
 .bss.default_alarm_pool_entries
                0x0000000020000390      0x100 CMakeFiles/firmware.dir/home/alan/pico/pico-sdk/src/common/pico_time/time.c.obj
 .bss.sd_table  0x0000000020000490      0x100 CMakeFiles/firmware.dir/home/alan/pico/pico-sdk/src/rp2_common/pico_double/double_init_rom.c.obj
                0x0000000020000490                sd_table
 .bss.thruster_prev_loop_us
                0x0000000020000590        0x8 CMakeFiles/firmware.dir/firmware.c.obj
                0x0000000020000590                thruster_prev_loop_us
 .bss           0x0000000020000598       0x1c /usr/lib/gcc/arm-none-eabi/10.3.1/thumb/v6-m/nofp/crtbegin.o
 .bss.accel     0x00000000200005b4        0xc CMakeFiles/firmware.dir/bno055.c.obj
                0x00000000200005b4                accel
 .bss.alarm_callbacks
                0x00000000200005c0       0x10 CMakeFiles/firmware.dir/home/alan/pico/pico-sdk/src/rp2_common/hardware_timer/timer.c.obj
 .bss.boot2_copyout
                0x00000000200005d0      0x100 CMakeFiles/firmware.dir/home/alan/pico/pico-sdk/src/rp2_common/hardware_flash/flash.c.obj
 .bss.buf       0x00000000200006d0       0x3a CMakeFiles/firmware.dir/bno055.c.obj
                0x00000000200006d0                buf
 *fill*         0x000000002000070a        0x2 
 .bss.configured_freq
                0x000000002000070c       0x28 CMakeFiles/firmware.dir/home/alan/pico/pico-sdk/src/rp2_common/hardware_clocks/clocks.c.obj
 .bss.default_alarm_pool_entry_ids_high
                0x0000000020000734       0x10 CMakeFiles/firmware.dir/home/alan/pico/pico-sdk/src/common/pico_time/time.c.obj
 .bss.default_alarm_pool_heap_nodes
                0x0000000020000744       0x30 CMakeFiles/firmware.dir/home/alan/pico/pico-sdk/src/common/pico_time/time.c.obj
 .bss.drivers   0x0000000020000774        0x4 CMakeFiles/firmware.dir/home/alan/pico/pico-sdk/src/rp2_common/pico_stdio/stdio.c.obj
 .bss.filter    0x0000000020000778        0x4 CMakeFiles/firmware.dir/home/alan/pico/pico-sdk/src/rp2_common/pico_stdio/stdio.c.obj
 .bss.gravity   0x000000002000077c        0xc CMakeFiles/firmware.dir/bno055.c.obj
                0x000000002000077c                gravity
 .bss.gyro      0x0000000020000788        0xc CMakeFiles/firmware.dir/bno055.c.obj
                0x0000000020000788                gyro
 .bss.lazy_vsnprintf
                0x0000000020000794        0x4 CMakeFiles/firmware.dir/home/alan/pico/pico-sdk/src/rp2_common/pico_printf/printf.c.obj
 .bss.linaccel  0x0000000020000798        0xc CMakeFiles/firmware.dir/bno055.c.obj
                0x0000000020000798                linaccel
 .bss.mag       0x00000000200007a4        0xc CMakeFiles/firmware.dir/bno055.c.obj
                0x00000000200007a4                mag
 .bss.orientation
                0x00000000200007b0        0xc CMakeFiles/firmware.dir/bno055.c.obj
                0x00000000200007b0                orientation
 .bss.pools     0x00000000200007bc       0x10 CMakeFiles/firmware.dir/home/alan/pico/pico-sdk/src/common/pico_time/time.c.obj
 .bss.quaternion
                0x00000000200007cc       0x10 CMakeFiles/firmware.dir/bno055.c.obj
                0x00000000200007cc                quaternion
 .bss.retrieved_id
                0x00000000200007dc        0x8 CMakeFiles/firmware.dir/home/alan/pico/pico-sdk/src/rp2_common/pico_unique_id/unique_id.c.obj
 .bss.sf_clz_func
                0x00000000200007e4        0x4 CMakeFiles/firmware.dir/home/alan/pico/pico-sdk/src/rp2_common/pico_double/double_init_rom.c.obj
                0x00000000200007e4                sf_clz_func
 .bss.sf_table  0x00000000200007e8      0x100 CMakeFiles/firmware.dir/home/alan/pico/pico-sdk/src/rp2_common/pico_float/float_init_rom.c.obj
                0x00000000200007e8                sf_table
 .bss.sleep_notifier
                0x00000000200008e8        0x4 CMakeFiles/firmware.dir/home/alan/pico/pico-sdk/src/common/pico_time/time.c.obj
 .bss.target_hi
                0x00000000200008ec       0x10 CMakeFiles/firmware.dir/home/alan/pico/pico-sdk/src/rp2_common/hardware_timer/timer.c.obj
 .bss.thruster_pos
                0x00000000200008fc       0x10 CMakeFiles/firmware.dir/firmware.c.obj
                0x00000000200008fc                thruster_pos
 .bss.thruster_target_pos
                0x000000002000090c       0x10 CMakeFiles/firmware.dir/firmware.c.obj
                0x000000002000090c                thruster_target_pos
 .bss.uart_char_to_line_feed
                0x000000002000091c        0x4 CMakeFiles/firmware.dir/home/alan/pico/pico-sdk/src/rp2_common/hardware_uart/uart.c.obj
                0x000000002000091c                uart_char_to_line_feed
 .bss.uart_queue
                0x0000000020000920      0x100 CMakeFiles/firmware.dir/firmware.c.obj
                0x0000000020000920                uart_queue
 .bss.boot2_copyout_valid
                0x0000000020000a20        0x1 CMakeFiles/firmware.dir/home/alan/pico/pico-sdk/src/rp2_common/hardware_flash/flash.c.obj
 .bss.claimed   0x0000000020000a21        0x1 CMakeFiles/firmware.dir/home/alan/pico/pico-sdk/src/rp2_common/hardware_timer/timer.c.obj
 .bss.irq_hander_chain_free_slot_head
                0x0000000020000a22        0x1 CMakeFiles/firmware.dir/home/alan/pico/pico-sdk/src/rp2_common/hardware_irq/irq.c.obj
 .bss.timer_callbacks_pending
                0x0000000020000a23        0x1 CMakeFiles/firmware.dir/home/alan/pico/pico-sdk/src/rp2_common/hardware_timer/timer.c.obj
 .bss.uart_packet_length
                0x0000000020000a24        0x1 CMakeFiles/firmware.dir/firmware.c.obj
                0x0000000020000a24                uart_packet_length
 .bss.uart_queue_index
                0x0000000020000a25        0x1 CMakeFiles/firmware.dir/firmware.c.obj
                0x0000000020000a25                uart_queue_index
 *(COMMON)
                0x0000000020000a28                . = ALIGN (0x4)
 *fill*         0x0000000020000a26        0x2 
                0x0000000020000a28                __bss_end__ = .

.heap           0x0000000020000a28      0x800
                0x0000000020000a28                __end__ = .
                0x0000000020000a28                end = __end__
 *(.heap*)
 .heap          0x0000000020000a28      0x800 CMakeFiles/firmware.dir/home/alan/pico/pico-sdk/src/rp2_common/pico_standard_link/crt0.S.obj
                0x0000000020001228                __HeapLimit = .

.stack1_dummy   0x0000000020040000        0x0
 *(.stack1*)

.stack_dummy    0x0000000020041000      0x800
 *(.stack*)
 .stack         0x0000000020041000      0x800 CMakeFiles/firmware.dir/home/alan/pico/pico-sdk/src/rp2_common/pico_standard_link/crt0.S.obj

.flash_end      0x0000000010003c5c        0x0
                0x0000000010003c5c                __flash_binary_end = .
                0x0000000020040000                __StackLimit = (ORIGIN (RAM) + LENGTH (RAM))
                0x0000000020041000                __StackOneTop = (ORIGIN (SCRATCH_X) + LENGTH (SCRATCH_X))
                0x0000000020042000                __StackTop = (ORIGIN (SCRATCH_Y) + LENGTH (SCRATCH_Y))
                0x0000000020041000                __StackOneBottom = (__StackOneTop - SIZEOF (.stack1_dummy))
                0x0000000020041800                __StackBottom = (__StackTop - SIZEOF (.stack_dummy))
                0x0000000020042000                PROVIDE (__stack = __StackTop)
                0x0000000000000001                ASSERT ((__StackLimit >= __HeapLimit), region RAM overflowed)
                0x0000000000000001                ASSERT (((__binary_info_header_end - __logical_binary_start) <= 0x100), Binary info must be in first 256 bytes of the binary)
LOAD CMakeFiles/firmware.dir/firmware.c.obj
LOAD CMakeFiles/firmware.dir/bno055.c.obj
LOAD CMakeFiles/firmware.dir/home/alan/pico/pico-sdk/src/rp2_common/pico_stdlib/stdlib.c.obj
LOAD CMakeFiles/firmware.dir/home/alan/pico/pico-sdk/src/rp2_common/hardware_gpio/gpio.c.obj
LOAD CMakeFiles/firmware.dir/home/alan/pico/pico-sdk/src/rp2_common/pico_platform/platform.c.obj
LOAD CMakeFiles/firmware.dir/home/alan/pico/pico-sdk/src/rp2_common/hardware_claim/claim.c.obj
LOAD CMakeFiles/firmware.dir/home/alan/pico/pico-sdk/src/rp2_common/hardware_sync/sync.c.obj
LOAD CMakeFiles/firmware.dir/home/alan/pico/pico-sdk/src/rp2_common/hardware_irq/irq.c.obj
LOAD CMakeFiles/firmware.dir/home/alan/pico/pico-sdk/src/rp2_common/hardware_irq/irq_handler_chain.S.obj
LOAD CMakeFiles/firmware.dir/home/alan/pico/pico-sdk/src/common/pico_sync/sem.c.obj
LOAD CMakeFiles/firmware.dir/home/alan/pico/pico-sdk/src/common/pico_sync/lock_core.c.obj
LOAD CMakeFiles/firmware.dir/home/alan/pico/pico-sdk/src/common/pico_sync/mutex.c.obj
LOAD CMakeFiles/firmware.dir/home/alan/pico/pico-sdk/src/common/pico_sync/critical_section.c.obj
LOAD CMakeFiles/firmware.dir/home/alan/pico/pico-sdk/src/common/pico_time/time.c.obj
LOAD CMakeFiles/firmware.dir/home/alan/pico/pico-sdk/src/common/pico_time/timeout_helper.c.obj
LOAD CMakeFiles/firmware.dir/home/alan/pico/pico-sdk/src/rp2_common/hardware_timer/timer.c.obj
LOAD CMakeFiles/firmware.dir/home/alan/pico/pico-sdk/src/common/pico_util/datetime.c.obj
LOAD CMakeFiles/firmware.dir/home/alan/pico/pico-sdk/src/common/pico_util/pheap.c.obj
LOAD CMakeFiles/firmware.dir/home/alan/pico/pico-sdk/src/common/pico_util/queue.c.obj
LOAD CMakeFiles/firmware.dir/home/alan/pico/pico-sdk/src/rp2_common/hardware_uart/uart.c.obj
LOAD CMakeFiles/firmware.dir/home/alan/pico/pico-sdk/src/rp2_common/hardware_clocks/clocks.c.obj
LOAD CMakeFiles/firmware.dir/home/alan/pico/pico-sdk/src/rp2_common/hardware_pll/pll.c.obj
LOAD CMakeFiles/firmware.dir/home/alan/pico/pico-sdk/src/rp2_common/hardware_vreg/vreg.c.obj
LOAD CMakeFiles/firmware.dir/home/alan/pico/pico-sdk/src/rp2_common/hardware_watchdog/watchdog.c.obj
LOAD CMakeFiles/firmware.dir/home/alan/pico/pico-sdk/src/rp2_common/hardware_xosc/xosc.c.obj
LOAD CMakeFiles/firmware.dir/home/alan/pico/pico-sdk/src/rp2_common/hardware_divider/divider.S.obj
LOAD CMakeFiles/firmware.dir/home/alan/pico/pico-sdk/src/rp2_common/pico_runtime/runtime.c.obj
LOAD CMakeFiles/firmware.dir/home/alan/pico/pico-sdk/src/rp2_common/pico_printf/printf.c.obj
LOAD CMakeFiles/firmware.dir/home/alan/pico/pico-sdk/src/rp2_common/pico_bit_ops/bit_ops_aeabi.S.obj
LOAD CMakeFiles/firmware.dir/home/alan/pico/pico-sdk/src/rp2_common/pico_bootrom/bootrom.c.obj
LOAD CMakeFiles/firmware.dir/home/alan/pico/pico-sdk/src/rp2_common/pico_divider/divider.S.obj
LOAD CMakeFiles/firmware.dir/home/alan/pico/pico-sdk/src/rp2_common/pico_double/double_aeabi.S.obj
LOAD CMakeFiles/firmware.dir/home/alan/pico/pico-sdk/src/rp2_common/pico_double/double_init_rom.c.obj
LOAD CMakeFiles/firmware.dir/home/alan/pico/pico-sdk/src/rp2_common/pico_double/double_math.c.obj
LOAD CMakeFiles/firmware.dir/home/alan/pico/pico-sdk/src/rp2_common/pico_double/double_v1_rom_shim.S.obj
LOAD CMakeFiles/firmware.dir/home/alan/pico/pico-sdk/src/rp2_common/pico_int64_ops/pico_int64_ops_aeabi.S.obj
LOAD CMakeFiles/firmware.dir/home/alan/pico/pico-sdk/src/rp2_common/pico_float/float_aeabi.S.obj
LOAD CMakeFiles/firmware.dir/home/alan/pico/pico-sdk/src/rp2_common/pico_float/float_init_rom.c.obj
LOAD CMakeFiles/firmware.dir/home/alan/pico/pico-sdk/src/rp2_common/pico_float/float_math.c.obj
LOAD CMakeFiles/firmware.dir/home/alan/pico/pico-sdk/src/rp2_common/pico_float/float_v1_rom_shim.S.obj
LOAD CMakeFiles/firmware.dir/home/alan/pico/pico-sdk/src/rp2_common/pico_malloc/pico_malloc.c.obj
LOAD CMakeFiles/firmware.dir/home/alan/pico/pico-sdk/src/rp2_common/pico_mem_ops/mem_ops_aeabi.S.obj
LOAD CMakeFiles/firmware.dir/home/alan/pico/pico-sdk/src/rp2_common/pico_standard_link/crt0.S.obj
LOAD CMakeFiles/firmware.dir/home/alan/pico/pico-sdk/src/rp2_common/pico_standard_link/new_delete.cpp.obj
LOAD CMakeFiles/firmware.dir/home/alan/pico/pico-sdk/src/rp2_common/pico_standard_link/binary_info.c.obj
LOAD CMakeFiles/firmware.dir/home/alan/pico/pico-sdk/src/rp2_common/pico_stdio/stdio.c.obj
LOAD CMakeFiles/firmware.dir/home/alan/pico/pico-sdk/src/rp2_common/pico_stdio_usb/reset_interface.c.obj
LOAD CMakeFiles/firmware.dir/home/alan/pico/pico-sdk/src/rp2_common/pico_stdio_usb/stdio_usb.c.obj
LOAD CMakeFiles/firmware.dir/home/alan/pico/pico-sdk/src/rp2_common/pico_stdio_usb/stdio_usb_descriptors.c.obj
LOAD CMakeFiles/firmware.dir/home/alan/pico/pico-sdk/src/rp2_common/pico_unique_id/unique_id.c.obj
LOAD CMakeFiles/firmware.dir/home/alan/pico/pico-sdk/src/rp2_common/hardware_flash/flash.c.obj
LOAD CMakeFiles/firmware.dir/home/alan/pico/pico-sdk/lib/tinyusb/src/portable/raspberrypi/rp2040/dcd_rp2040.c.obj
LOAD CMakeFiles/firmware.dir/home/alan/pico/pico-sdk/lib/tinyusb/src/portable/raspberrypi/rp2040/rp2040_usb.c.obj
LOAD CMakeFiles/firmware.dir/home/alan/pico/pico-sdk/lib/tinyusb/src/device/usbd.c.obj
LOAD CMakeFiles/firmware.dir/home/alan/pico/pico-sdk/lib/tinyusb/src/device/usbd_control.c.obj
LOAD CMakeFiles/firmware.dir/home/alan/pico/pico-sdk/lib/tinyusb/src/class/audio/audio_device.c.obj
LOAD CMakeFiles/firmware.dir/home/alan/pico/pico-sdk/lib/tinyusb/src/class/cdc/cdc_device.c.obj
LOAD CMakeFiles/firmware.dir/home/alan/pico/pico-sdk/lib/tinyusb/src/class/dfu/dfu_device.c.obj
LOAD CMakeFiles/firmware.dir/home/alan/pico/pico-sdk/lib/tinyusb/src/class/dfu/dfu_rt_device.c.obj
LOAD CMakeFiles/firmware.dir/home/alan/pico/pico-sdk/lib/tinyusb/src/class/hid/hid_device.c.obj
LOAD CMakeFiles/firmware.dir/home/alan/pico/pico-sdk/lib/tinyusb/src/class/midi/midi_device.c.obj
LOAD CMakeFiles/firmware.dir/home/alan/pico/pico-sdk/lib/tinyusb/src/class/msc/msc_device.c.obj
LOAD CMakeFiles/firmware.dir/home/alan/pico/pico-sdk/lib/tinyusb/src/class/net/ecm_rndis_device.c.obj
LOAD CMakeFiles/firmware.dir/home/alan/pico/pico-sdk/lib/tinyusb/src/class/net/ncm_device.c.obj
LOAD CMakeFiles/firmware.dir/home/alan/pico/pico-sdk/lib/tinyusb/src/class/usbtmc/usbtmc_device.c.obj
LOAD CMakeFiles/firmware.dir/home/alan/pico/pico-sdk/lib/tinyusb/src/class/vendor/vendor_device.c.obj
LOAD CMakeFiles/firmware.dir/home/alan/pico/pico-sdk/lib/tinyusb/src/class/video/video_device.c.obj
LOAD CMakeFiles/firmware.dir/home/alan/pico/pico-sdk/lib/tinyusb/src/tusb.c.obj
LOAD CMakeFiles/firmware.dir/home/alan/pico/pico-sdk/lib/tinyusb/src/common/tusb_fifo.c.obj
LOAD CMakeFiles/firmware.dir/home/alan/pico/pico-sdk/src/rp2_common/pico_fix/rp2040_usb_device_enumeration/rp2040_usb_device_enumeration.c.obj
LOAD CMakeFiles/firmware.dir/home/alan/pico/pico-sdk/src/rp2_common/hardware_adc/adc.c.obj
LOAD CMakeFiles/firmware.dir/home/alan/pico/pico-sdk/src/rp2_common/hardware_i2c/i2c.c.obj
LOAD /tmp/ccjzdKhQ.o
LOAD /usr/lib/gcc/arm-none-eabi/10.3.1/../../../arm-none-eabi/lib/thumb/v6-m/nofp/libstdc++.a
LOAD /usr/lib/gcc/arm-none-eabi/10.3.1/../../../arm-none-eabi/lib/thumb/v6-m/nofp/libm.a
START GROUP
LOAD /usr/lib/gcc/arm-none-eabi/10.3.1/thumb/v6-m/nofp/libgcc.a
LOAD /usr/lib/gcc/arm-none-eabi/10.3.1/../../../arm-none-eabi/lib/thumb/v6-m/nofp/libc.a
END GROUP
START GROUP
LOAD /usr/lib/gcc/arm-none-eabi/10.3.1/thumb/v6-m/nofp/libgcc.a
LOAD /usr/lib/gcc/arm-none-eabi/10.3.1/../../../arm-none-eabi/lib/thumb/v6-m/nofp/libc.a
LOAD /usr/lib/gcc/arm-none-eabi/10.3.1/../../../arm-none-eabi/lib/thumb/v6-m/nofp/libnosys.a
END GROUP
LOAD /usr/lib/gcc/arm-none-eabi/10.3.1/thumb/v6-m/nofp/crtend.o
LOAD /usr/lib/gcc/arm-none-eabi/10.3.1/thumb/v6-m/nofp/crtn.o
OUTPUT(firmware.elf elf32-littlearm)
LOAD linker stubs

.ARM.attributes
                0x0000000000000000       0x28
 .ARM.attributes
                0x0000000000000000       0x1e /usr/lib/gcc/arm-none-eabi/10.3.1/thumb/v6-m/nofp/crti.o
 .ARM.attributes
                0x000000000000001e       0x2c /usr/lib/gcc/arm-none-eabi/10.3.1/thumb/v6-m/nofp/crtbegin.o
 .ARM.attributes
                0x000000000000004a       0x2c CMakeFiles/firmware.dir/firmware.c.obj
 .ARM.attributes
                0x0000000000000076       0x2c CMakeFiles/firmware.dir/bno055.c.obj
 .ARM.attributes
                0x00000000000000a2       0x2c CMakeFiles/firmware.dir/home/alan/pico/pico-sdk/src/rp2_common/pico_stdlib/stdlib.c.obj
 .ARM.attributes
                0x00000000000000ce       0x2c CMakeFiles/firmware.dir/home/alan/pico/pico-sdk/src/rp2_common/hardware_gpio/gpio.c.obj
 .ARM.attributes
                0x00000000000000fa       0x2c CMakeFiles/firmware.dir/home/alan/pico/pico-sdk/src/rp2_common/pico_platform/platform.c.obj
 .ARM.attributes
                0x0000000000000126       0x2c CMakeFiles/firmware.dir/home/alan/pico/pico-sdk/src/rp2_common/hardware_claim/claim.c.obj
 .ARM.attributes
                0x0000000000000152       0x2c CMakeFiles/firmware.dir/home/alan/pico/pico-sdk/src/rp2_common/hardware_sync/sync.c.obj
 .ARM.attributes
                0x000000000000017e       0x2c CMakeFiles/firmware.dir/home/alan/pico/pico-sdk/src/rp2_common/hardware_irq/irq.c.obj
 .ARM.attributes
                0x00000000000001aa       0x22 CMakeFiles/firmware.dir/home/alan/pico/pico-sdk/src/rp2_common/hardware_irq/irq_handler_chain.S.obj
 .ARM.attributes
                0x00000000000001cc       0x2c CMakeFiles/firmware.dir/home/alan/pico/pico-sdk/src/common/pico_sync/lock_core.c.obj
 .ARM.attributes
                0x00000000000001f8       0x2c CMakeFiles/firmware.dir/home/alan/pico/pico-sdk/src/common/pico_sync/mutex.c.obj
 .ARM.attributes
                0x0000000000000224       0x2c CMakeFiles/firmware.dir/home/alan/pico/pico-sdk/src/common/pico_time/time.c.obj
 .ARM.attributes
                0x0000000000000250       0x2c CMakeFiles/firmware.dir/home/alan/pico/pico-sdk/src/rp2_common/hardware_timer/timer.c.obj
 .ARM.attributes
                0x000000000000027c       0x2c CMakeFiles/firmware.dir/home/alan/pico/pico-sdk/src/common/pico_util/pheap.c.obj
 .ARM.attributes
                0x00000000000002a8       0x2c CMakeFiles/firmware.dir/home/alan/pico/pico-sdk/src/rp2_common/hardware_uart/uart.c.obj
 .ARM.attributes
                0x00000000000002d4       0x2c CMakeFiles/firmware.dir/home/alan/pico/pico-sdk/src/rp2_common/hardware_clocks/clocks.c.obj
 .ARM.attributes
                0x0000000000000300       0x2c CMakeFiles/firmware.dir/home/alan/pico/pico-sdk/src/rp2_common/hardware_pll/pll.c.obj
 .ARM.attributes
                0x000000000000032c       0x2c CMakeFiles/firmware.dir/home/alan/pico/pico-sdk/src/rp2_common/hardware_watchdog/watchdog.c.obj
 .ARM.attributes
                0x0000000000000358       0x2c CMakeFiles/firmware.dir/home/alan/pico/pico-sdk/src/rp2_common/hardware_xosc/xosc.c.obj
 .ARM.attributes
                0x0000000000000384       0x2c CMakeFiles/firmware.dir/home/alan/pico/pico-sdk/src/rp2_common/pico_runtime/runtime.c.obj
 .ARM.attributes
                0x00000000000003b0       0x2c CMakeFiles/firmware.dir/home/alan/pico/pico-sdk/src/rp2_common/pico_printf/printf.c.obj
 .ARM.attributes
                0x00000000000003dc       0x22 CMakeFiles/firmware.dir/home/alan/pico/pico-sdk/src/rp2_common/pico_bit_ops/bit_ops_aeabi.S.obj
 .ARM.attributes
                0x00000000000003fe       0x2c CMakeFiles/firmware.dir/home/alan/pico/pico-sdk/src/rp2_common/pico_bootrom/bootrom.c.obj
 .ARM.attributes
                0x000000000000042a       0x22 CMakeFiles/firmware.dir/home/alan/pico/pico-sdk/src/rp2_common/pico_divider/divider.S.obj
 .ARM.attributes
                0x000000000000044c       0x22 CMakeFiles/firmware.dir/home/alan/pico/pico-sdk/src/rp2_common/pico_double/double_aeabi.S.obj
 .ARM.attributes
                0x000000000000046e       0x2c CMakeFiles/firmware.dir/home/alan/pico/pico-sdk/src/rp2_common/pico_double/double_init_rom.c.obj
 .ARM.attributes
                0x000000000000049a       0x22 CMakeFiles/firmware.dir/home/alan/pico/pico-sdk/src/rp2_common/pico_double/double_v1_rom_shim.S.obj
 .ARM.attributes
                0x00000000000004bc       0x22 CMakeFiles/firmware.dir/home/alan/pico/pico-sdk/src/rp2_common/pico_int64_ops/pico_int64_ops_aeabi.S.obj
 .ARM.attributes
                0x00000000000004de       0x22 CMakeFiles/firmware.dir/home/alan/pico/pico-sdk/src/rp2_common/pico_float/float_aeabi.S.obj
 .ARM.attributes
                0x0000000000000500       0x2c CMakeFiles/firmware.dir/home/alan/pico/pico-sdk/src/rp2_common/pico_float/float_init_rom.c.obj
 .ARM.attributes
                0x000000000000052c       0x22 CMakeFiles/firmware.dir/home/alan/pico/pico-sdk/src/rp2_common/pico_mem_ops/mem_ops_aeabi.S.obj
 .ARM.attributes
                0x000000000000054e       0x22 CMakeFiles/firmware.dir/home/alan/pico/pico-sdk/src/rp2_common/pico_standard_link/crt0.S.obj
 .ARM.attributes
                0x0000000000000570       0x32 CMakeFiles/firmware.dir/home/alan/pico/pico-sdk/src/rp2_common/pico_standard_link/binary_info.c.obj
 .ARM.attributes
                0x00000000000005a2       0x2c CMakeFiles/firmware.dir/home/alan/pico/pico-sdk/src/rp2_common/pico_stdio/stdio.c.obj
 .ARM.attributes
                0x00000000000005ce       0x2c CMakeFiles/firmware.dir/home/alan/pico/pico-sdk/src/rp2_common/pico_unique_id/unique_id.c.obj
 .ARM.attributes
                0x00000000000005fa       0x2c CMakeFiles/firmware.dir/home/alan/pico/pico-sdk/src/rp2_common/hardware_flash/flash.c.obj
 .ARM.attributes
                0x0000000000000626       0x22 /tmp/ccjzdKhQ.o
 .ARM.attributes
                0x0000000000000648       0x1e /usr/lib/gcc/arm-none-eabi/10.3.1/thumb/v6-m/nofp/libgcc.a(_dvmd_tls.o)
 .ARM.attributes
                0x0000000000000666       0x2c /usr/lib/gcc/arm-none-eabi/10.3.1/../../../arm-none-eabi/lib/thumb/v6-m/nofp/libc.a(lib_a-strlen-stub.o)
 .ARM.attributes
                0x0000000000000692       0x2c /usr/lib/gcc/arm-none-eabi/10.3.1/thumb/v6-m/nofp/crtend.o

.comment        0x0000000000000000       0x33
 .comment       0x0000000000000000       0x33 /usr/lib/gcc/arm-none-eabi/10.3.1/thumb/v6-m/nofp/crtbegin.o
                                         0x34 (size before relaxing)
 .comment       0x0000000000000033       0x34 CMakeFiles/firmware.dir/firmware.c.obj
 .comment       0x0000000000000033       0x34 CMakeFiles/firmware.dir/bno055.c.obj
 .comment       0x0000000000000033       0x34 CMakeFiles/firmware.dir/home/alan/pico/pico-sdk/src/rp2_common/pico_stdlib/stdlib.c.obj
 .comment       0x0000000000000033       0x34 CMakeFiles/firmware.dir/home/alan/pico/pico-sdk/src/rp2_common/hardware_gpio/gpio.c.obj
 .comment       0x0000000000000033       0x34 CMakeFiles/firmware.dir/home/alan/pico/pico-sdk/src/rp2_common/pico_platform/platform.c.obj
 .comment       0x0000000000000033       0x34 CMakeFiles/firmware.dir/home/alan/pico/pico-sdk/src/rp2_common/hardware_claim/claim.c.obj
 .comment       0x0000000000000033       0x34 CMakeFiles/firmware.dir/home/alan/pico/pico-sdk/src/rp2_common/hardware_sync/sync.c.obj
 .comment       0x0000000000000033       0x34 CMakeFiles/firmware.dir/home/alan/pico/pico-sdk/src/rp2_common/hardware_irq/irq.c.obj
 .comment       0x0000000000000033       0x34 CMakeFiles/firmware.dir/home/alan/pico/pico-sdk/src/common/pico_sync/lock_core.c.obj
 .comment       0x0000000000000033       0x34 CMakeFiles/firmware.dir/home/alan/pico/pico-sdk/src/common/pico_sync/mutex.c.obj
 .comment       0x0000000000000033       0x34 CMakeFiles/firmware.dir/home/alan/pico/pico-sdk/src/common/pico_time/time.c.obj
 .comment       0x0000000000000033       0x34 CMakeFiles/firmware.dir/home/alan/pico/pico-sdk/src/rp2_common/hardware_timer/timer.c.obj
 .comment       0x0000000000000033       0x34 CMakeFiles/firmware.dir/home/alan/pico/pico-sdk/src/common/pico_util/pheap.c.obj
 .comment       0x0000000000000033       0x34 CMakeFiles/firmware.dir/home/alan/pico/pico-sdk/src/rp2_common/hardware_uart/uart.c.obj
 .comment       0x0000000000000033       0x34 CMakeFiles/firmware.dir/home/alan/pico/pico-sdk/src/rp2_common/hardware_clocks/clocks.c.obj
 .comment       0x0000000000000033       0x34 CMakeFiles/firmware.dir/home/alan/pico/pico-sdk/src/rp2_common/hardware_pll/pll.c.obj
 .comment       0x0000000000000033       0x34 CMakeFiles/firmware.dir/home/alan/pico/pico-sdk/src/rp2_common/hardware_watchdog/watchdog.c.obj
 .comment       0x0000000000000033       0x34 CMakeFiles/firmware.dir/home/alan/pico/pico-sdk/src/rp2_common/hardware_xosc/xosc.c.obj
 .comment       0x0000000000000033       0x34 CMakeFiles/firmware.dir/home/alan/pico/pico-sdk/src/rp2_common/pico_runtime/runtime.c.obj
 .comment       0x0000000000000033       0x34 CMakeFiles/firmware.dir/home/alan/pico/pico-sdk/src/rp2_common/pico_printf/printf.c.obj
 .comment       0x0000000000000033       0x34 CMakeFiles/firmware.dir/home/alan/pico/pico-sdk/src/rp2_common/pico_bootrom/bootrom.c.obj
 .comment       0x0000000000000033       0x34 CMakeFiles/firmware.dir/home/alan/pico/pico-sdk/src/rp2_common/pico_double/double_init_rom.c.obj
 .comment       0x0000000000000033       0x34 CMakeFiles/firmware.dir/home/alan/pico/pico-sdk/src/rp2_common/pico_float/float_init_rom.c.obj
 .comment       0x0000000000000033       0x34 CMakeFiles/firmware.dir/home/alan/pico/pico-sdk/src/rp2_common/pico_standard_link/binary_info.c.obj
 .comment       0x0000000000000033       0x34 CMakeFiles/firmware.dir/home/alan/pico/pico-sdk/src/rp2_common/pico_stdio/stdio.c.obj
 .comment       0x0000000000000033       0x34 CMakeFiles/firmware.dir/home/alan/pico/pico-sdk/src/rp2_common/pico_unique_id/unique_id.c.obj
 .comment       0x0000000000000033       0x34 CMakeFiles/firmware.dir/home/alan/pico/pico-sdk/src/rp2_common/hardware_flash/flash.c.obj
 .comment       0x0000000000000033       0x34 /usr/lib/gcc/arm-none-eabi/10.3.1/../../../arm-none-eabi/lib/thumb/v6-m/nofp/libc.a(lib_a-strlen-stub.o)
 .comment       0x0000000000000033       0x34 /usr/lib/gcc/arm-none-eabi/10.3.1/thumb/v6-m/nofp/crtend.o

.debug_line     0x0000000000000000      0x1d2
 .debug_line    0x0000000000000000       0x60 /usr/lib/gcc/arm-none-eabi/10.3.1/thumb/v6-m/nofp/libgcc.a(_dvmd_tls.o)
 .debug_line    0x0000000000000060      0x172 /usr/lib/gcc/arm-none-eabi/10.3.1/../../../arm-none-eabi/lib/thumb/v6-m/nofp/libc.a(lib_a-strlen-stub.o)

.debug_info     0x0000000000000000      0x114
 .debug_info    0x0000000000000000       0x26 /usr/lib/gcc/arm-none-eabi/10.3.1/thumb/v6-m/nofp/libgcc.a(_dvmd_tls.o)
 .debug_info    0x0000000000000026       0xee /usr/lib/gcc/arm-none-eabi/10.3.1/../../../arm-none-eabi/lib/thumb/v6-m/nofp/libc.a(lib_a-strlen-stub.o)

.debug_abbrev   0x0000000000000000       0xa3
 .debug_abbrev  0x0000000000000000       0x14 /usr/lib/gcc/arm-none-eabi/10.3.1/thumb/v6-m/nofp/libgcc.a(_dvmd_tls.o)
 .debug_abbrev  0x0000000000000014       0x8f /usr/lib/gcc/arm-none-eabi/10.3.1/../../../arm-none-eabi/lib/thumb/v6-m/nofp/libc.a(lib_a-strlen-stub.o)

.debug_aranges  0x0000000000000000       0x40
 .debug_aranges
                0x0000000000000000       0x20 /usr/lib/gcc/arm-none-eabi/10.3.1/thumb/v6-m/nofp/libgcc.a(_dvmd_tls.o)
 .debug_aranges
                0x0000000000000020       0x20 /usr/lib/gcc/arm-none-eabi/10.3.1/../../../arm-none-eabi/lib/thumb/v6-m/nofp/libc.a(lib_a-strlen-stub.o)

.debug_str      0x0000000000000000      0x232
 .debug_str     0x0000000000000000       0xa6 /usr/lib/gcc/arm-none-eabi/10.3.1/thumb/v6-m/nofp/libgcc.a(_dvmd_tls.o)
 .debug_str     0x00000000000000a6      0x18c /usr/lib/gcc/arm-none-eabi/10.3.1/../../../arm-none-eabi/lib/thumb/v6-m/nofp/libc.a(lib_a-strlen-stub.o)
                                        0x1c5 (size before relaxing)

.debug_loc      0x0000000000000000       0x90
 .debug_loc     0x0000000000000000       0x90 /usr/lib/gcc/arm-none-eabi/10.3.1/../../../arm-none-eabi/lib/thumb/v6-m/nofp/libc.a(lib_a-strlen-stub.o)

.debug_frame    0x0000000000000000       0x28
 .debug_frame   0x0000000000000000       0x28 /usr/lib/gcc/arm-none-eabi/10.3.1/../../../arm-none-eabi/lib/thumb/v6-m/nofp/libc.a(lib_a-strlen-stub.o)
